// Jest Snapshot v1, https://goo.gl/fbAQLP

exports[`returns correct string 1`] = `"<svg xmlns=\\"http://www.w3.org/2000/svg\\" width=\\"24\\" height=\\"24\\" viewBox=\\"0 0 24 24\\" fill=\\"none\\" stroke=\\"currentColor\\" stroke-width=\\"2\\" stroke-linecap=\\"round\\" stroke-linejoin=\\"round\\" class=\\"feather feather-icon1\\"><line x1=\\"23\\" y1=\\"1\\" x2=\\"1\\" y2=\\"23\\" /><line x1=\\"1\\" y1=\\"1\\" x2=\\"23\\" y2=\\"23\\" /></svg>"`;

exports[`returns correct string 2`] = `"<svg xmlns=\\"http://www.w3.org/2000/svg\\" width=\\"24\\" height=\\"24\\" viewBox=\\"0 0 24 24\\" fill=\\"none\\" stroke=\\"currentColor\\" stroke-width=\\"1\\" stroke-linecap=\\"round\\" stroke-linejoin=\\"round\\" class=\\"feather feather-icon1\\" color=\\"red\\"><line x1=\\"23\\" y1=\\"1\\" x2=\\"1\\" y2=\\"23\\" /><line x1=\\"1\\" y1=\\"1\\" x2=\\"23\\" y2=\\"23\\" /></svg>"`;

exports[`returns correct string 3`] = `"<svg xmlns=\\"http://www.w3.org/2000/svg\\" width=\\"24\\" height=\\"24\\" viewBox=\\"0 0 24 24\\" fill=\\"none\\" stroke=\\"currentColor\\" stroke-width=\\"2\\" stroke-linecap=\\"round\\" stroke-linejoin=\\"round\\" class=\\"feather feather-icon1 foo bar\\" color=\\"red\\"><line x1=\\"23\\" y1=\\"1\\" x2=\\"1\\" y2=\\"23\\" /><line x1=\\"1\\" y1=\\"1\\" x2=\\"23\\" y2=\\"23\\" /></svg>"`;
